\BOOKMARK [0][-]{chapter.1}{\376\377\000I\000n\000t\000r\000o\000d\000u\000z\000i\000o\000n\000e}{}% 1
\BOOKMARK [1][-]{section.1.1}{\376\377\000S\000t\000r\000u\000t\000t\000u\000r\000a\000\040\000d\000e\000l\000\040\000d\000o\000c\000u\000m\000e\000n\000t\000o}{chapter.1}% 2
\BOOKMARK [0][-]{chapter.2}{\376\377\000R\000e\000l\000a\000t\000e\000d\000\040\000W\000o\000r\000k}{}% 3
\BOOKMARK [0][-]{chapter.3}{\376\377\000S\000.\000I\000.\000D\000.\000E\000.\000\040\000-\000\040\000A\000r\000c\000h\000i\000t\000e\000c\000t\000u\000r\000e}{}% 4
\BOOKMARK [1][-]{section.3.1}{\376\377\000A\000r\000c\000h\000i\000t\000e\000t\000t\000u\000r\000a\000\040\000G\000e\000n\000e\000r\000a\000l\000e}{chapter.3}% 5
\BOOKMARK [1][-]{section.3.2}{\376\377\000s\000i\000d\000e\000-\000s\000n\000i\000f\000f}{chapter.3}% 6
\BOOKMARK [2][-]{subsection.3.2.1}{\376\377\000O\000b\000i\000e\000t\000t\000i\000v\000i\000\040\000f\000u\000n\000z\000i\000o\000n\000a\000l\000i}{section.3.2}% 7
\BOOKMARK [2][-]{subsection.3.2.2}{\376\377\000P\000a\000n\000o\000r\000a\000m\000i\000c\000a\000\040\000d\000e\000l\000l\000'\000\040\000I\000D\000S}{section.3.2}% 8
\BOOKMARK [2][-]{subsection.3.2.3}{\376\377\000P\000r\000o\000c\000e\000d\000u\000r\000a\000\040\000o\000p\000e\000r\000a\000t\000i\000v\000a\000\040\000\050\000s\000t\000e\000p\000-\000b\000y\000-\000s\000t\000e\000p\000\051}{section.3.2}% 9
\BOOKMARK [2][-]{subsection.3.2.4}{\376\377\000D\000e\000c\000o\000d\000i\000f\000i\000c\000a\000\040\000d\000e\000i\000\040\000P\000a\000y\000l\000o\000a\000d\000\040\000A\000p\000p\000l\000i\000c\000a\000t\000i\000v\000i}{section.3.2}% 10
\BOOKMARK [2][-]{subsection.3.2.5}{\376\377\000M\000o\000d\000u\000l\000o\000\040\000d\000i\000\040\000A\000n\000o\000m\000a\000l\000y\000\040\000D\000e\000t\000e\000c\000t\000i\000o\000n\000:\000\040\000Z\000-\000S\000c\000o\000r\000e\000\040\000S\000e\000r\000v\000i\000c\000e}{section.3.2}% 11
\BOOKMARK [2][-]{subsection.3.2.6}{\376\377\000M\000o\000d\000u\000l\000o\000\040\000d\000i\000\040\000A\000n\000o\000m\000a\000l\000y\000\040\000D\000e\000t\000e\000c\000t\000i\000o\000n\000:\000\040\000M\000L\000\040\000-\000\040\000I\000s\000o\000l\000a\000t\000i\000o\000n\000\040\000F\000o\000r\000e\000s\000t}{section.3.2}% 12
\BOOKMARK [2][-]{subsection.3.2.7}{\376\377\000F\000l\000u\000s\000s\000o\000\040\000d\000i\000\040\000C\000o\000m\000u\000n\000i\000c\000a\000z\000i\000o\000n\000e\000:\000\040\000s\000i\000d\000e\000-\000s\000n\000i\000f\000f\000\040\000e\000\040\000s\000i\000d\000e\000-\000d\000e\000v\000i\000c\000e\000-\000d\000i\000s\000c\000o\000v\000e\000r\000y}{section.3.2}% 13
\BOOKMARK [1][-]{section.3.3}{\376\377\000s\000i\000d\000e\000-\000d\000e\000v\000i\000c\000e\000-\000d\000i\000s\000c\000o\000v\000e\000r\000y}{chapter.3}% 14
\BOOKMARK [2][-]{subsection.3.3.1}{\376\377\000F\000u\000n\000z\000i\000o\000n\000a\000m\000e\000n\000t\000o\000\040\000g\000e\000n\000e\000r\000a\000l\000e}{section.3.3}% 15
\BOOKMARK [2][-]{subsection.3.3.2}{\376\377\000S\000t\000r\000u\000t\000t\000u\000r\000a\000\040\000d\000e\000l\000\040\000c\000o\000d\000i\000c\000e}{section.3.3}% 16
\BOOKMARK [2][-]{subsection.3.3.3}{\376\377\000F\000l\000u\000s\000s\000o\000\040\000o\000p\000e\000r\000a\000t\000i\000v\000o}{section.3.3}% 17
\BOOKMARK [2][-]{subsection.3.3.4}{\376\377\000P\000r\000o\000p\000r\000i\000e\000t\000\340\000\040\000p\000r\000i\000n\000c\000i\000p\000a\000l\000i}{section.3.3}% 18
\BOOKMARK [1][-]{section.3.4}{\376\377\000s\000i\000d\000e\000-\000a\000p\000i\000-\000b\000a\000c\000k\000e\000n\000d}{chapter.3}% 19
\BOOKMARK [2][-]{subsection.3.4.1}{\376\377\000S\000t\000r\000u\000t\000t\000u\000r\000a\000\040\000g\000e\000n\000e\000r\000a\000l\000e}{section.3.4}% 20
\BOOKMARK [2][-]{subsection.3.4.2}{\376\377\000P\000u\000n\000t\000o\000\040\000d\000i\000\040\000a\000v\000v\000i\000o\000:\000\040\000r\000u\000n\000.\000p\000y}{section.3.4}% 21
\BOOKMARK [2][-]{subsection.3.4.3}{\376\377\000G\000e\000s\000t\000i\000o\000n\000e\000\040\000d\000e\000l\000\040\000d\000a\000t\000a\000b\000a\000s\000e\000\040\000N\000e\000o\0004\000j}{section.3.4}% 22
\BOOKMARK [2][-]{subsection.3.4.4}{\376\377\000G\000e\000s\000t\000i\000o\000n\000e\000\040\000d\000e\000g\000l\000i\000\040\000e\000v\000e\000n\000t\000i\000\040\000a\000s\000i\000n\000c\000r\000o\000n\000i\000:\000\040\000s\000e\000r\000v\000i\000c\000e\000\137\000d\000i\000s\000c\000o\000v\000e\000r\000y\000\137\000c\000o\000n\000s\000u\000m\000e\000r\000.\000p\000y}{section.3.4}% 23
\BOOKMARK [2][-]{subsection.3.4.5}{\376\377\000G\000e\000s\000t\000i\000o\000n\000e\000\040\000c\000o\000n\000n\000e\000s\000s\000i\000o\000n\000i\000\040\000W\000e\000b\000S\000o\000c\000k\000e\000t\000:\000\040\000w\000e\000b\000s\000o\000c\000k\000e\000t\000\137\000m\000a\000n\000a\000g\000e\000r\000.\000p\000y}{section.3.4}% 24
\BOOKMARK [2][-]{subsection.3.4.6}{\376\377\000C\000o\000n\000t\000r\000o\000l\000l\000e\000r\000\040\000R\000E\000S\000T\000\040\000e\000\040\000W\000e\000b\000S\000o\000c\000k\000e\000t}{section.3.4}% 25
\BOOKMARK [2][-]{subsection.3.4.7}{\376\377\000I\000n\000t\000e\000g\000r\000a\000z\000i\000o\000n\000e\000\040\000d\000e\000i\000\040\000s\000e\000r\000v\000i\000z\000i\000\040\000e\000\040\000f\000u\000n\000z\000i\000o\000n\000a\000m\000e\000n\000t\000o\000\040\000c\000o\000m\000p\000l\000e\000s\000s\000i\000v\000o}{section.3.4}% 26
\BOOKMARK [2][-]{subsection.3.4.8}{\376\377\000S\000i\000n\000t\000e\000s\000i\000\040\000d\000e\000l\000\040\000f\000l\000u\000s\000s\000o\000\040\000o\000p\000e\000r\000a\000t\000i\000v\000o}{section.3.4}% 27
\BOOKMARK [2][-]{subsection.3.4.9}{\376\377\000R\000u\000o\000l\000o\000\040\000a\000r\000c\000h\000i\000t\000e\000t\000t\000u\000r\000a\000l\000e}{section.3.4}% 28
\BOOKMARK [2][-]{subsection.3.4.10}{\376\377\000F\000l\000u\000s\000s\000o\000\040\000d\000i\000\040\000I\000n\000t\000e\000r\000a\000z\000i\000o\000n\000e\000\040\000c\000o\000n\000\040\000i\000l\000\040\000B\000a\000c\000k\000e\000n\000d}{section.3.4}% 29
\BOOKMARK [1][-]{section.3.5}{\376\377\000s\000i\000d\000e\000-\000f\000r\000o\000n\000t\000e\000n\000d}{chapter.3}% 30
\BOOKMARK [2][-]{subsection.3.5.1}{\376\377\000D\000a\000s\000h\000b\000o\000a\000r\000d\000\040\000i\000n\000t\000e\000r\000a\000t\000t\000i\000v\000a}{section.3.5}% 31
\BOOKMARK [2][-]{subsection.3.5.2}{\376\377\000S\000e\000z\000i\000o\000n\000e\000\040\000/\000d\000e\000v\000i\000c\000e\000s}{section.3.5}% 32
\BOOKMARK [2][-]{subsection.3.5.3}{\376\377\000S\000e\000z\000i\000o\000n\000e\000\040\000/\000e\000v\000e\000n\000t\000s}{section.3.5}% 33
\BOOKMARK [2][-]{subsection.3.5.4}{\376\377\000A\000v\000v\000i\000o\000\040\000d\000e\000l\000\040\000m\000o\000d\000u\000l\000o}{section.3.5}% 34
\BOOKMARK [1][-]{section.3.6}{\376\377\000s\000i\000d\000e\000-\000m\000l\000-\000m\000o\000d\000e\000l\000s}{chapter.3}% 35
\BOOKMARK [2][-]{subsection.3.6.1}{\376\377\000E\000s\000t\000r\000a\000z\000i\000o\000n\000e\000\040\000d\000e\000i\000\040\000d\000a\000t\000i\000\040\000d\000a\000i\000\040\000f\000i\000l\000e\000\040\000P\000C\000A\000P}{section.3.6}% 36
\BOOKMARK [2][-]{subsection.3.6.2}{\376\377\000A\000d\000d\000e\000s\000t\000r\000a\000m\000e\000n\000t\000o\000\040\000d\000e\000l\000\040\000m\000o\000d\000e\000l\000l\000o\000\040\000I\000s\000o\000l\000a\000t\000i\000o\000n\000\040\000F\000o\000r\000e\000s\000t}{section.3.6}% 37
\BOOKMARK [2][-]{subsection.3.6.3}{\376\377\000O\000s\000s\000e\000r\000v\000a\000z\000i\000o\000n\000i}{section.3.6}% 38
\BOOKMARK [1][-]{section.3.7}{\376\377\000D\000e\000v\000i\000c\000e\000\040\000S\000i\000m\000u\000l\000a\000t\000o\000r\000s}{chapter.3}% 39
\BOOKMARK [2][-]{subsection.3.7.1}{\376\377\000M\000o\000d\000b\000u\000s\000\040\000T\000C\000P}{section.3.7}% 40
\BOOKMARK [2][-]{subsection.3.7.2}{\376\377\000S\000i\000e\000m\000e\000n\000s\000\040\000S\0007\000\040\000\050\000S\000n\000a\000p\0007\000\051}{section.3.7}% 41
\BOOKMARK [2][-]{subsection.3.7.3}{\376\377\000O\000P\000C\000-\000U\000A}{section.3.7}% 42
\BOOKMARK [2][-]{subsection.3.7.4}{\376\377\000C\000o\000n\000c\000l\000u\000s\000i\000o\000n\000i\000\040\000s\000u\000i\000\040\000s\000i\000m\000u\000l\000a\000t\000o\000r\000i}{section.3.7}% 43
\BOOKMARK [0][-]{chapter.4}{\376\377\000S\000C\000A\000D\000A\000\040\040\023\000\040\000C\000y\000b\000e\000r\000\040\000A\000t\000t\000a\000c\000k\000s}{}% 44
\BOOKMARK [1][-]{section.4.1}{\376\377\000I\000n\000t\000r\000o\000d\000u\000z\000i\000o\000n\000e}{chapter.4}% 45
\BOOKMARK [1][-]{section.4.2}{\376\377\000M\000e\000t\000o\000d\000o\000\040\000d\000i\000\040\000r\000i\000p\000r\000o\000d\000u\000z\000i\000o\000n\000e\000\040\000d\000e\000l\000\040\000t\000r\000a\000f\000f\000i\000c\000o}{chapter.4}% 46
\BOOKMARK [1][-]{section.4.3}{\376\377\000O\000b\000i\000e\000t\000t\000i\000v\000i\000\040\000s\000p\000e\000r\000i\000m\000e\000n\000t\000a\000l\000i}{chapter.4}% 47
\BOOKMARK [1][-]{section.4.4}{\376\377\000T\000i\000p\000o\000l\000o\000g\000i\000e\000\040\000d\000'\000a\000t\000t\000a\000c\000c\000o\000\040\000c\000o\000n\000s\000i\000d\000e\000r\000a\000t\000e}{chapter.4}% 48
\BOOKMARK [2][-]{subsection.4.4.1}{\376\377\000M\000a\000n\040\023\000I\000n\040\023\000T\000h\000e\040\023\000M\000i\000d\000d\000l\000e\000\040\000\050\000M\000I\000T\000M\000\051}{section.4.4}% 49
\BOOKMARK [2][-]{subsection.4.4.2}{\376\377\000m\000o\000d\000b\000u\000s\000Q\000u\000e\000r\000y\0002\000F\000l\000o\000o\000d\000i\000n\000g}{section.4.4}% 50
\BOOKMARK [2][-]{subsection.4.4.3}{\376\377\000m\000o\000d\000b\000u\000s\000Q\000u\000e\000r\000y\000F\000l\000o\000o\000d\000i\000n\000g}{section.4.4}% 51
\BOOKMARK [2][-]{subsection.4.4.4}{\376\377\000p\000i\000n\000g\000F\000l\000o\000o\000d\000D\000D\000o\000S\000\040\000\050\000I\000C\000M\000P\000\051}{section.4.4}% 52
\BOOKMARK [2][-]{subsection.4.4.5}{\376\377\000t\000c\000p\000S\000Y\000N\000F\000l\000o\000o\000d\000D\000D\000o\000S}{section.4.4}% 53
\BOOKMARK [1][-]{section.4.5}{\376\377\000O\000r\000g\000a\000n\000i\000z\000z\000a\000z\000i\000o\000n\000e\000\040\000d\000e\000i\000\040\000t\000e\000s\000t\000\040\000e\000\040\000n\000o\000t\000e\000\040\000p\000r\000a\000t\000i\000c\000h\000e}{chapter.4}% 54
\BOOKMARK [0][-]{chapter.5}{\376\377\000C\000o\000n\000c\000l\000u\000s\000i\000o\000n\000i}{}% 55
